
Creating database connection pool...
Database connection pool created.
Creating database connection pool...
Database connection pool created.
Creating database connection pool...
CRITICAL ERROR: Could not connect to MySQL database. Details: 2003: Can't connect to MySQL server on 'localhost:3306' (Errno 10061: No connection could be made because the target machine actively refused it)
Creating database connection pool...
Database connection pool created.
Creating database connection pool...
Database connection pool created.
Creating database connection pool...
Database connection pool created.
Creating database connection pool...
CRITICAL ERROR: Could not connect to MySQL database. Details: 2003: Can't connect to MySQL server on 'localhost:3306' (Errno 10061: No connection could be made because the target machine actively refused it)
Sunday event instance scheduler starting.
Event instance background scheduler started.
Pool is offline. Attempting auto-reconnect...
Creating database connection pool...
CRITICAL ERROR: Could not connect to MySQL database. Details: 2003: Can't connect to MySQL server on 'localhost:3306' (Errno 10061: No connection could be made because the target machine actively refused it)
Event instance generation finished: trigger=scheduler created=0 existing=0 failed=0
Creating database connection pool...
Database connection pool created.
Sunday event instance scheduler starting.
Event instance background scheduler started.
Event instance generation finished: trigger=scheduler created=2 existing=0 failed=0
Creating database connection pool...
CRITICAL ERROR: Could not connect to MySQL database. Details: 2003: Can't connect to MySQL server on 'localhost:3306' (Errno 10061: No connection could be made because the target machine actively refused it)
Sunday event instance scheduler starting.
Event instance background scheduler started.
Pool is offline. Attempting auto-reconnect...
Creating database connection pool...
CRITICAL ERROR: Could not connect to MySQL database. Details: 2003: Can't connect to MySQL server on 'localhost:3306' (Errno 10061: No connection could be made because the target machine actively refused it)
Event instance generation finished: trigger=scheduler created=0 existing=0 failed=0
Creating database connection pool...
Database connection pool created.
Sunday event instance scheduler starting.
Event instance background scheduler started.
Event instance generation finished: trigger=scheduler created=0 existing=2 failed=0
Pool exhausted or connection error: Can not reconnect to MySQL after 1 attempt(s): 2003: Can't connect to MySQL server on 'localhost:3306' (Errno 10061: No connection could be made because the target machine actively refused it)
Creating database connection pool...
Database connection pool created.
Event instance background scheduler started.
Creating database connection pool...
Database connection pool created.
Event instance background scheduler started.
Creating database connection pool...
Database connection pool created.
Event instance background scheduler started.
Creating database connection pool...
CRITICAL ERROR: Could not connect to MySQL database. Details: 2003: Can't connect to MySQL server on 'localhost:3306' (Errno 10061: No connection could be made because the target machine actively refused it)
Event instance background scheduler started.
Creating database connection pool...
Database connection pool created.
Event instance background scheduler started.
